\BOOKMARK [1][-]{section.1}{\376\377\000S\000e\000t\000u\000p\000\040\000a\000n\000d\000\040\000N\000o\000t\000a\000t\000i\000o\000n}{}% 1
\BOOKMARK [2][-]{subsection.1.1}{\376\377\000M\000o\000d\000e\000l\000\040\000S\000u\000m\000m\000a\000r\000y}{section.1}% 2
\BOOKMARK [2][-]{subsection.1.2}{\376\377\000K\000e\000y\000\040\000N\000o\000t\000a\000t\000i\000o\000n}{section.1}% 3
\BOOKMARK [2][-]{subsection.1.3}{\376\377\000P\000a\000r\000t\000i\000a\000l\000\040\000R\000e\000s\000i\000d\000u\000a\000l\000\040\000M\000a\000t\000r\000i\000x\000\040\000R\000-\000k}{section.1}% 4
\BOOKMARK [2][-]{subsection.1.4}{\376\377\000P\000a\000r\000t\000i\000a\000l\000\040\000W\000o\000r\000k\000i\000n\000g\000\040\000R\000e\000s\000p\000o\000n\000s\000e\000\040\000z\000-\000k}{section.1}% 5
\BOOKMARK [1][-]{section.2}{\376\377\000C\000A\000V\000I\000\040\000O\000b\000j\000e\000c\000t\000i\000v\000e\000\040\000f\000o\000r\000\040\000q\000\050\000l\000i\000k\000\051}{}% 6
\BOOKMARK [1][-]{section.3}{\376\377\000G\000e\000n\000o\000m\000i\000c\000s\000\040\000C\000o\000n\000t\000r\000i\000b\000u\000t\000i\000o\000n\000\040\000t\000o\000\040\000A\000L\000\040\000a\000n\000d\000\040\000B\000L}{}% 7
\BOOKMARK [2][-]{subsection.3.1}{\376\377\000E\000x\000t\000r\000a\000c\000t\000i\000n\000g\000\040\000t\000h\000e\000\040\000Q\000u\000a\000d\000r\000a\000t\000i\000c\000\040\000i\000n\000\040\000l\000i\000k}{section.3}% 8
\BOOKMARK [1][-]{section.4}{\376\377\000S\000u\000r\000v\000i\000v\000a\000l\000\040\000C\000o\000n\000t\000r\000i\000b\000u\000t\000i\000o\000n\000\040\000t\000o\000\040\000A\000L\000\040\000a\000n\000d\000\040\000B\000L}{}% 9
\BOOKMARK [2][-]{subsection.4.1}{\376\377\000T\000a\000y\000l\000o\000r\000\040\000A\000p\000p\000r\000o\000x\000i\000m\000a\000t\000i\000o\000n\000\040\000o\000f\000\040\000t\000h\000e\000\040\000C\000o\000x\000\040\000L\000i\000k\000e\000l\000i\000h\000o\000o\000d}{section.4}% 10
\BOOKMARK [2][-]{subsection.4.2}{\376\377\000Q\000u\000a\000d\000r\000a\000t\000i\000c\000\040\000i\000n\000\040\000l\000i\000k}{section.4}% 11
\BOOKMARK [1][-]{section.5}{\376\377\000C\000o\000m\000b\000i\000n\000e\000d\000\040\000U\000p\000d\000a\000t\000e\000:\000\040\000V\000e\000c\000t\000o\000r\000\040\000E\000B\000N\000M\000\040\000P\000r\000o\000b\000l\000e\000m}{}% 12
\BOOKMARK [2][-]{subsection.5.1}{\376\377\000C\000o\000m\000b\000i\000n\000i\000n\000g\000\040\000B\000o\000t\000h\000\040\000S\000o\000u\000r\000c\000e\000s}{section.5}% 13
\BOOKMARK [2][-]{subsection.5.2}{\376\377\000E\000B\000N\000M\000\040\000F\000o\000r\000m\000u\000l\000a\000t\000i\000o\000n}{section.5}% 14
\BOOKMARK [1][-]{section.6}{\376\377\000E\000r\000r\000o\000r\000-\000i\000n\000-\000V\000a\000r\000i\000a\000b\000l\000e\000s\000\040\000I\000n\000t\000e\000r\000p\000r\000e\000t\000a\000t\000i\000o\000n}{}% 15
\BOOKMARK [1][-]{section.7}{\376\377\000G\000a\000u\000s\000s\000-\000S\000e\000i\000d\000e\000l\000\040\000O\000r\000d\000e\000r\000i\000n\000g\000\040\000i\000n\000\040\000u\000p\000d\000a\000t\000e\000\137\000L\000\137\000a\000l\000l}{}% 16
\BOOKMARK [1][-]{section.8}{\376\377\000V\000e\000r\000i\000f\000i\000c\000a\000t\000i\000o\000n\000\040\000C\000h\000e\000c\000k\000s}{}% 17
\BOOKMARK [1][-]{section.9}{\376\377\000C\000o\000d\000e\000\040\000M\000a\000p\000p\000i\000n\000g}{}% 18
\BOOKMARK [1][-]{section.10}{\376\377\000A\000l\000g\000o\000r\000i\000t\000h\000m\000\040\000S\000u\000m\000m\000a\000r\000y}{}% 19
\BOOKMARK [1][-]{appendix.A}{\376\377\000N\000o\000t\000a\000t\000i\000o\000n\000\040\000I\000n\000d\000e\000x}{}% 20
